                 Thermo script output (2.0 version)                 
--------------------------------------------------------------------
                           Input summary                            
--------------------------------------------------------------------
 Selected pressure(atm): 1
 Selected point group: Dooh
   LINEAR molecule
 Number of vibrational modes: 1
 Frequencies(cm-1): 
    1568.4426     
 
--------------------------------------------------------------------
                          Thermochemistry                           
--------------------------------------------------------------------
 (Temperatures in K, energies in kcal/mol and entropies in kcal/mol-K)
 
 Electronic energy: -227.08510
 ZPVE: 2.24220   
 (ZPVE included in Uvib below)
 
 Translational, rotational and vibrational contributions to U and S:
 
     T       Utrans     Urot      Uvib     Strans    Srot      Svib      Selec   
  298.00    0.88828   0.59219   2.24451   0.03632   0.01056   0.00001   0.00387  
 
     ----------------------------------------------------------     
     |   Total values of U and S and corresponding H and G:   |     
     ----------------------------------------------------------     
                (Enthalpies calculated as Utot + RT)                
 
     T           Utot         Stot          H             G       
   298.00     -223.36013    0.05076     -222.76794    -237.89300  
 
